src/app/(app)/clients/page.tsx(106,85): error TS2345: Argument of type 'never[]' is not assignable to parameter of type 'GridRowSelectionModel | (() => GridRowSelectionModel)'.
src/app/(app)/clients/page.tsx(170,30): error TS2339: Property 'length' does not exist on type 'GridRowSelectionModel'.
src/app/(app)/clients/page.tsx(173,36): error TS2339: Property 'length' does not exist on type 'GridRowSelectionModel'.
src/components/crm/tabs/ClientProfile.tsx(26,11): error TS2430: Interface 'CrmClientWithPlatformId' incorrectly extends interface 'CrmClient'.
  Types of property 'platform_user_id' are incompatible.
    Type 'string | null | undefined' is not assignable to type 'string | null'.
      Type 'undefined' is not assignable to type 'string | null'.
